// Vitest Snapshot v1, https://vitest.dev/guide/snapshot.html

exports[`My Counter component > should match snapshop 1`] = `
"<h2>Counter 5</h2>
<h2>Square 25</h2>
<div><button class="btn">+1</button><button class="btn">-1</button></div>"
`;
